07:38:42 **** Incremental Build of configuration Debug for project OLEDI2C ****
make -j12 all 
arm-none-eabi-gcc "../Core/Src/main.c" -mcpu=cortex-m0plus -std=gnu11 -g3 -DDEBUG -DUSE_HAL_DRIVER -DSTM32G070xx -c -I../Core/Inc -I../Drivers/STM32G0xx_HAL_Driver/Inc -I../Drivers/STM32G0xx_HAL_Driver/Inc/Legacy -I../Drivers/CMSIS/Device/ST/STM32G0xx/Include -I../Drivers/CMSIS/Include -O0 -ffunction-sections -fdata-sections -Wall -fstack-usage -fcyclomatic-complexity -MMD -MP -MF"Core/Src/main.d" -MT"Core/Src/main.o" --specs=nano.specs -mfloat-abi=soft -mthumb -o "Core/Src/main.o"
arm-none-eabi-gcc -o "OLEDI2C.elf" @"objects.list"   -mcpu=cortex-m0plus -T"C:\Users\hage9\Documents\Lernmaterial\ESselbst\OLEDI2C\STM32G070RBTX_FLASH.ld" --specs=nosys.specs -Wl,-Map="OLEDI2C.map" -Wl,--gc-sections -static --specs=nano.specs -mfloat-abi=soft -mthumb -Wl,--start-group -lc -lm -Wl,--end-group
Finished building target: OLEDI2C.elf
 
arm-none-eabi-size  OLEDI2C.elf 
arm-none-eabi-objdump -h -S OLEDI2C.elf  > "OLEDI2C.list"
   text	   data	    bss	    dec	    hex	filename
  21072	    112	   3168	  24352	   5f20	OLEDI2C.elf
Finished building: default.size.stdout
 
Finished building: OLEDI2C.list
 
07:38:49 **** Incremental Build of configuration Debug for project OLEDI2C ****
make -j12 all 
arm-none-eabi-size  OLEDI2C.elf 
   text	   data	    bss	    dec	    hex	filename
  21072	    112	   3168	  24352	   5f20	OLEDI2C.elf
Finished building: default.size.stdout
 
