14:03:26 **** Incremental Build of configuration Debug for project SPImaster_test ****
make -j12 all 
arm-none-eabi-gcc "../Core/Src/main.c" -mcpu=cortex-m0plus -std=gnu11 -g3 -DDEBUG -DUSE_HAL_DRIVER -DSTM32G070xx -c -I../Core/Inc -I../Drivers/STM32G0xx_HAL_Driver/Inc -I../Drivers/STM32G0xx_HAL_Driver/Inc/Legacy -I../Drivers/CMSIS/Device/ST/STM32G0xx/Include -I../Drivers/CMSIS/Include -O0 -ffunction-sections -fdata-sections -Wall -fstack-usage -fcyclomatic-complexity -MMD -MP -MF"Core/Src/main.d" -MT"Core/Src/main.o" --specs=nano.specs -mfloat-abi=soft -mthumb -o "Core/Src/main.o"
arm-none-eabi-gcc -o "SPImaster_test.elf" @"objects.list"   -mcpu=cortex-m0plus -T"C:\Users\hage9\Documents\Lernmaterial\ESselbst\SPImaster_test\STM32G070RBTX_FLASH.ld" --specs=nosys.specs -Wl,-Map="SPImaster_test.map" -Wl,--gc-sections -static --specs=nano.specs -mfloat-abi=soft -mthumb -Wl,--start-group -lc -lm -Wl,--end-group
Finished building target: SPImaster_test.elf
 
arm-none-eabi-size  SPImaster_test.elf 
arm-none-eabi-objdump -h -S SPImaster_test.elf  > "SPImaster_test.list"
   text	   data	    bss	    dec	    hex	filename
   7592	     12	   1668	   9272	   2438	SPImaster_test.elf
Finished building: default.size.stdout
 
Finished building: SPImaster_test.list
 
14:03:55 **** Incremental Build of configuration Debug for project SPImaster_test ****
make -j12 all 
arm-none-eabi-size  SPImaster_test.elf 
   text	   data	    bss	    dec	    hex	filename
   7592	     12	   1668	   9272	   2438	SPImaster_test.elf
Finished building: default.size.stdout
 
14:04:26 **** Incremental Build of configuration Debug for project SPImaster_test ****
make -j12 all 
arm-none-eabi-size  SPImaster_test.elf 
   text	   data	    bss	    dec	    hex	filename
   7592	     12	   1668	   9272	   2438	SPImaster_test.elf
Finished building: default.size.stdout
 
